------------------------------------------------------------
TimeQuest Timing Analyzer Summary
------------------------------------------------------------

Type  : Slow Model Setup 'clk_50M'
Slack : -5.301
TNS   : -189.084

Type  : Slow Model Setup 'contador:conta3|carry_out'
Slack : -3.168
TNS   : -7.805

Type  : Slow Model Setup 'PWM:pwm0|clock_pwm:PRESCALER|clk_div'
Slack : -1.650
TNS   : -13.416

Type  : Slow Model Setup 'clock:divisor|clk_div'
Slack : -0.649
TNS   : -2.149

Type  : Slow Model Setup 'enter'
Slack : -0.221
TNS   : -0.221

Type  : Slow Model Hold 'enter'
Slack : -2.777
TNS   : -4.660

Type  : Slow Model Hold 'clock:divisor|clk_div'
Slack : -2.723
TNS   : -2.723

Type  : Slow Model Hold 'clk_50M'
Slack : -2.558
TNS   : -5.073

Type  : Slow Model Hold 'PWM:pwm0|clock_pwm:PRESCALER|clk_div'
Slack : 0.391
TNS   : 0.000

Type  : Slow Model Hold 'contador:conta3|carry_out'
Slack : 1.091
TNS   : 0.000

Type  : Slow Model Recovery 'enter'
Slack : -1.663
TNS   : -3.326

Type  : Slow Model Recovery 'clock:divisor|clk_div'
Slack : 0.444
TNS   : 0.000

Type  : Slow Model Removal 'clock:divisor|clk_div'
Slack : -0.174
TNS   : -0.696

Type  : Slow Model Removal 'enter'
Slack : 1.068
TNS   : 0.000

Type  : Slow Model Minimum Pulse Width 'clk_50M'
Slack : -1.380
TNS   : -67.380

Type  : Slow Model Minimum Pulse Width 'enter'
Slack : -1.222
TNS   : -4.222

Type  : Slow Model Minimum Pulse Width 'PWM:pwm0|clock_pwm:PRESCALER|clk_div'
Slack : -0.500
TNS   : -11.000

Type  : Slow Model Minimum Pulse Width 'clock:divisor|clk_div'
Slack : -0.500
TNS   : -5.000

Type  : Slow Model Minimum Pulse Width 'contador:conta3|carry_out'
Slack : 0.500
TNS   : 0.000

Type  : Fast Model Setup 'clk_50M'
Slack : -1.914
TNS   : -54.910

Type  : Fast Model Setup 'contador:conta3|carry_out'
Slack : -1.320
TNS   : -1.800

Type  : Fast Model Setup 'PWM:pwm0|clock_pwm:PRESCALER|clk_div'
Slack : -0.199
TNS   : -0.971

Type  : Fast Model Setup 'clock:divisor|clk_div'
Slack : 0.260
TNS   : 0.000

Type  : Fast Model Setup 'enter'
Slack : 0.311
TNS   : 0.000

Type  : Fast Model Hold 'clock:divisor|clk_div'
Slack : -1.687
TNS   : -1.687

Type  : Fast Model Hold 'clk_50M'
Slack : -1.599
TNS   : -3.158

Type  : Fast Model Hold 'enter'
Slack : -1.482
TNS   : -2.585

Type  : Fast Model Hold 'PWM:pwm0|clock_pwm:PRESCALER|clk_div'
Slack : -0.090
TNS   : -0.680

Type  : Fast Model Hold 'contador:conta3|carry_out'
Slack : 0.674
TNS   : 0.000

Type  : Fast Model Recovery 'enter'
Slack : -0.741
TNS   : -1.482

Type  : Fast Model Recovery 'clock:divisor|clk_div'
Slack : 0.530
TNS   : 0.000

Type  : Fast Model Removal 'clock:divisor|clk_div'
Slack : -0.150
TNS   : -0.600

Type  : Fast Model Removal 'enter'
Slack : 0.576
TNS   : 0.000

Type  : Fast Model Minimum Pulse Width 'clk_50M'
Slack : -1.380
TNS   : -67.380

Type  : Fast Model Minimum Pulse Width 'enter'
Slack : -1.222
TNS   : -4.222

Type  : Fast Model Minimum Pulse Width 'PWM:pwm0|clock_pwm:PRESCALER|clk_div'
Slack : -0.500
TNS   : -11.000

Type  : Fast Model Minimum Pulse Width 'clock:divisor|clk_div'
Slack : -0.500
TNS   : -5.000

Type  : Fast Model Minimum Pulse Width 'contador:conta3|carry_out'
Slack : 0.500
TNS   : 0.000

------------------------------------------------------------
