------------------------------------------------------------
TimeQuest Timing Analyzer Summary
------------------------------------------------------------

Type  : Slow Model Setup 'clk_50M'
Slack : -5.065
TNS   : -102.644

Type  : Slow Model Setup 'contador:conta3|carry_out'
Slack : -2.130
TNS   : -5.408

Type  : Slow Model Setup 'clock:divisor|clk_div'
Slack : -0.676
TNS   : -1.745

Type  : Slow Model Setup 'enter'
Slack : -0.027
TNS   : -0.027

Type  : Slow Model Hold 'enter'
Slack : -4.049
TNS   : -5.625

Type  : Slow Model Hold 'clk_50M'
Slack : -2.532
TNS   : -2.532

Type  : Slow Model Hold 'clock:divisor|clk_div'
Slack : -1.522
TNS   : -1.522

Type  : Slow Model Hold 'contador:conta3|carry_out'
Slack : 0.765
TNS   : 0.000

Type  : Slow Model Recovery 'enter'
Slack : -1.936
TNS   : -3.872

Type  : Slow Model Recovery 'clock:divisor|clk_div'
Slack : 0.089
TNS   : 0.000

Type  : Slow Model Removal 'clock:divisor|clk_div'
Slack : 0.181
TNS   : 0.000

Type  : Slow Model Removal 'enter'
Slack : 0.769
TNS   : 0.000

Type  : Slow Model Minimum Pulse Width 'clk_50M'
Slack : -1.380
TNS   : -34.380

Type  : Slow Model Minimum Pulse Width 'enter'
Slack : -1.222
TNS   : -4.222

Type  : Slow Model Minimum Pulse Width 'clock:divisor|clk_div'
Slack : -0.500
TNS   : -5.000

Type  : Slow Model Minimum Pulse Width 'contador:conta3|carry_out'
Slack : 0.500
TNS   : 0.000

Type  : Fast Model Setup 'clk_50M'
Slack : -1.836
TNS   : -31.878

Type  : Fast Model Setup 'contador:conta3|carry_out'
Slack : -0.798
TNS   : -0.798

Type  : Fast Model Setup 'clock:divisor|clk_div'
Slack : 0.244
TNS   : 0.000

Type  : Fast Model Setup 'enter'
Slack : 0.457
TNS   : 0.000

Type  : Fast Model Hold 'enter'
Slack : -2.204
TNS   : -2.631

Type  : Fast Model Hold 'clk_50M'
Slack : -1.576
TNS   : -1.576

Type  : Fast Model Hold 'clock:divisor|clk_div'
Slack : -1.087
TNS   : -1.087

Type  : Fast Model Hold 'contador:conta3|carry_out'
Slack : 0.479
TNS   : 0.000

Type  : Fast Model Recovery 'enter'
Slack : -0.868
TNS   : -1.736

Type  : Fast Model Recovery 'clock:divisor|clk_div'
Slack : 0.315
TNS   : 0.000

Type  : Fast Model Removal 'clock:divisor|clk_div'
Slack : 0.065
TNS   : 0.000

Type  : Fast Model Removal 'enter'
Slack : 0.565
TNS   : 0.000

Type  : Fast Model Minimum Pulse Width 'clk_50M'
Slack : -1.380
TNS   : -34.380

Type  : Fast Model Minimum Pulse Width 'enter'
Slack : -1.222
TNS   : -4.222

Type  : Fast Model Minimum Pulse Width 'clock:divisor|clk_div'
Slack : -0.500
TNS   : -5.000

Type  : Fast Model Minimum Pulse Width 'contador:conta3|carry_out'
Slack : 0.500
TNS   : 0.000

------------------------------------------------------------
