------------------------------------------------------------
TimeQuest Timing Analyzer Summary
------------------------------------------------------------

Type  : Slow Model Setup 'reset'
Slack : -0.617
TNS   : -2.435

Type  : Slow Model Setup 'clk'
Slack : -0.091
TNS   : -0.239

Type  : Slow Model Hold 'clk'
Slack : 0.391
TNS   : 0.000

Type  : Slow Model Hold 'reset'
Slack : 0.640
TNS   : 0.000

Type  : Slow Model Recovery 'clk'
Slack : -0.010
TNS   : -0.040

Type  : Slow Model Removal 'clk'
Slack : 0.280
TNS   : 0.000

Type  : Slow Model Minimum Pulse Width 'clk'
Slack : -1.380
TNS   : -5.380

Type  : Slow Model Minimum Pulse Width 'reset'
Slack : -1.380
TNS   : -1.380

Type  : Fast Model Setup 'reset'
Slack : 0.183
TNS   : 0.000

Type  : Fast Model Setup 'clk'
Slack : 0.489
TNS   : 0.000

Type  : Fast Model Hold 'clk'
Slack : 0.215
TNS   : 0.000

Type  : Fast Model Hold 'reset'
Slack : 0.409
TNS   : 0.000

Type  : Fast Model Recovery 'clk'
Slack : 0.256
TNS   : 0.000

Type  : Fast Model Removal 'clk'
Slack : 0.124
TNS   : 0.000

Type  : Fast Model Minimum Pulse Width 'clk'
Slack : -1.380
TNS   : -5.380

Type  : Fast Model Minimum Pulse Width 'reset'
Slack : -1.380
TNS   : -1.380

------------------------------------------------------------
